2026-04-09 11:25:13,718 INFO tahoe_pseudobulk: Starting Tahoe-100M pseudobulk generation
2026-04-09 11:25:13,718 INFO tahoe_pseudobulk: Dataset=vevotx/Tahoe-100M split=train workers=8 batch_size=512 sample_size=None test_run=True
2026-04-09 11:25:13,718 INFO tahoe_pseudobulk: SLURM job id=n/a node=n/a
2026-04-09 11:36:45,684 INFO tahoe_pseudobulk: Gene vocab stats: {'initial_genes': 62710, 'after_dedup_genes': 62710, 'pseudogenes_removed': 15182, 'after_pseudogene_genes': 47528, 'resolved_biotypes': 61455, 'unresolved_biotypes': 1255, 'failed_lookup_batches': 0, 'duplicated_token_ids_removed': 0}
2026-04-09 11:36:45,688 INFO tahoe_pseudobulk: Selected 8 treatments
2026-04-09 11:36:57,542 INFO tahoe_pseudobulk: Started group cell_line=CVCL_1098 drug=Chlorhexidine (diacetate)
2026-04-09 11:36:57,542 INFO tahoe_pseudobulk: Started group cell_line=CVCL_1097 drug=Chlorhexidine (diacetate)
2026-04-09 11:36:57,542 INFO tahoe_pseudobulk: Started group cell_line=CVCL_1094 drug=Chlorhexidine (diacetate)
2026-04-09 11:36:57,543 INFO tahoe_pseudobulk: Started group cell_line=CVCL_0399 drug=Chlorhexidine (diacetate)
2026-04-09 11:36:57,543 INFO tahoe_pseudobulk: Started group cell_line=CVCL_0332 drug=Chlorhexidine (diacetate)
2026-04-09 11:36:57,543 INFO tahoe_pseudobulk: Started group cell_line=CVCL_0293 drug=Chlorhexidine (diacetate)
2026-04-09 11:36:57,543 INFO tahoe_pseudobulk: Started group cell_line=CVCL_0131 drug=Chlorhexidine (diacetate)
2026-04-09 11:36:57,543 INFO tahoe_pseudobulk: Started group cell_line=CVCL_0023 drug=Chlorhexidine (diacetate)
2026-04-09 11:36:57,543 INFO tahoe_pseudobulk: Started group cell_line=CVCL_0371 drug=Chlorhexidine (diacetate)
2026-04-09 11:36:57,543 INFO tahoe_pseudobulk: Started group cell_line=CVCL_1717 drug=Chlorhexidine (diacetate)
2026-04-09 11:36:57,543 INFO tahoe_pseudobulk: Started group cell_line=CVCL_0546 drug=Chlorhexidine (diacetate)
2026-04-09 11:36:57,543 INFO tahoe_pseudobulk: Started group cell_line=CVCL_0218 drug=Chlorhexidine (diacetate)
2026-04-09 11:36:57,543 INFO tahoe_pseudobulk: Started group cell_line=CVCL_1381 drug=Chlorhexidine (diacetate)
2026-04-09 11:36:57,543 INFO tahoe_pseudobulk: Started group cell_line=CVCL_1056 drug=Chlorhexidine (diacetate)
2026-04-09 11:36:57,543 INFO tahoe_pseudobulk: Started group cell_line=CVCL_1547 drug=Chlorhexidine (diacetate)
2026-04-09 11:36:57,543 INFO tahoe_pseudobulk: Started group cell_line=CVCL_0428 drug=Chlorhexidine (diacetate)
2026-04-09 11:36:57,543 INFO tahoe_pseudobulk: Started group cell_line=CVCL_1478 drug=Chlorhexidine (diacetate)
2026-04-09 11:36:57,543 INFO tahoe_pseudobulk: Started group cell_line=CVCL_0504 drug=Chlorhexidine (diacetate)
2026-04-09 11:36:57,543 INFO tahoe_pseudobulk: Started group cell_line=CVCL_0292 drug=Chlorhexidine (diacetate)
2026-04-09 11:36:57,544 INFO tahoe_pseudobulk: Started group cell_line=CVCL_0480 drug=Chlorhexidine (diacetate)
2026-04-09 11:36:57,544 INFO tahoe_pseudobulk: Started group cell_line=CVCL_1635 drug=Chlorhexidine (diacetate)
2026-04-09 11:36:57,544 INFO tahoe_pseudobulk: Started group cell_line=CVCL_0069 drug=Chlorhexidine (diacetate)
2026-04-09 11:36:57,544 INFO tahoe_pseudobulk: Started group cell_line=CVCL_1119 drug=Chlorhexidine (diacetate)
2026-04-09 11:36:57,544 INFO tahoe_pseudobulk: Started group cell_line=CVCL_1239 drug=Chlorhexidine (diacetate)
2026-04-09 11:36:57,544 INFO tahoe_pseudobulk: Started group cell_line=CVCL_0334 drug=Chlorhexidine (diacetate)
2026-04-09 11:36:57,544 INFO tahoe_pseudobulk: Started group cell_line=CVCL_0359 drug=Chlorhexidine (diacetate)
2026-04-09 11:36:57,544 INFO tahoe_pseudobulk: Started group cell_line=CVCL_0320 drug=Chlorhexidine (diacetate)
2026-04-09 11:36:57,544 INFO tahoe_pseudobulk: Started group cell_line=CVCL_0028 drug=Chlorhexidine (diacetate)
2026-04-09 11:36:57,544 INFO tahoe_pseudobulk: Started group cell_line=CVCL_1693 drug=Chlorhexidine (diacetate)
2026-04-09 11:36:57,544 INFO tahoe_pseudobulk: Started group cell_line=CVCL_1055 drug=Chlorhexidine (diacetate)
2026-04-09 11:36:57,544 INFO tahoe_pseudobulk: Started group cell_line=CVCL_0459 drug=Chlorhexidine (diacetate)
2026-04-09 11:36:57,544 INFO tahoe_pseudobulk: Started group cell_line=CVCL_1550 drug=Chlorhexidine (diacetate)
2026-04-09 11:36:57,545 INFO tahoe_pseudobulk: Started group cell_line=CVCL_1285 drug=Chlorhexidine (diacetate)
2026-04-09 11:36:57,545 INFO tahoe_pseudobulk: Started group cell_line=CVCL_0397 drug=Chlorhexidine (diacetate)
2026-04-09 11:36:57,545 INFO tahoe_pseudobulk: Started group cell_line=CVCL_1495 drug=Chlorhexidine (diacetate)
2026-04-09 11:36:57,545 INFO tahoe_pseudobulk: Started group cell_line=CVCL_1517 drug=Chlorhexidine (diacetate)
2026-04-09 11:36:57,545 INFO tahoe_pseudobulk: Started group cell_line=CVCL_1724 drug=Chlorhexidine (diacetate)
2026-04-09 11:36:57,545 INFO tahoe_pseudobulk: Started group cell_line=CVCL_0099 drug=Chlorhexidine (diacetate)
2026-04-09 11:36:57,545 INFO tahoe_pseudobulk: Started group cell_line=CVCL_0152 drug=Chlorhexidine (diacetate)
2026-04-09 11:36:57,545 INFO tahoe_pseudobulk: Started group cell_line=CVCL_C466 drug=Chlorhexidine (diacetate)
2026-04-09 11:36:57,545 INFO tahoe_pseudobulk: Started group cell_line=CVCL_1731 drug=Chlorhexidine (diacetate)
2026-04-09 11:36:57,545 INFO tahoe_pseudobulk: Started group cell_line=CVCL_0179 drug=Chlorhexidine (diacetate)
2026-04-09 11:36:57,545 INFO tahoe_pseudobulk: Started group cell_line=CVCL_0366 drug=Chlorhexidine (diacetate)
2026-04-09 11:36:57,546 INFO tahoe_pseudobulk: Started group cell_line=CVCL_1716 drug=Chlorhexidine (diacetate)
2026-04-09 11:36:57,546 INFO tahoe_pseudobulk: Started group cell_line=CVCL_1666 drug=Chlorhexidine (diacetate)
2026-04-09 11:36:57,546 INFO tahoe_pseudobulk: Started group cell_line=CVCL_1715 drug=Chlorhexidine (diacetate)
2026-04-09 11:37:24,361 INFO tahoe_pseudobulk: Started group cell_line=CVCL_1577 drug=Chlorhexidine (diacetate)
2026-04-09 11:37:24,361 INFO tahoe_pseudobulk: Started group cell_line=CVCL_1531 drug=Chlorhexidine (diacetate)
2026-04-09 11:38:05,110 INFO tahoe_pseudobulk: Started group cell_line=CVCL_1125 drug=Chlorhexidine (diacetate)
2026-04-09 11:47:14,986 INFO tahoe_pseudobulk: Started group cell_line=CVCL_1571 drug=Chlorhexidine (diacetate)
2026-04-09 12:14:30,369 INFO tahoe_pseudobulk: Streamed 1600000 records
2026-04-09 12:35:08,411 INFO tahoe_pseudobulk: Streamed 3200000 records
2026-04-09 12:57:04,784 INFO tahoe_pseudobulk: Streamed 4800000 records
2026-04-09 13:19:17,237 INFO tahoe_pseudobulk: Streamed 6400000 records
